// Jest Snapshot v1, https://goo.gl/fbAQLP

exports[`Image load small image if no preview image is set 1`] = `
<figure-element__FigureElement
  className="gc-image"
>
  <aspect-ratio-placeholder__AspectRatioPlaceholder>
    <div />
    <preview-element__PreviewElement
      className="preview"
      crossOrigin="anonymous"
      src="https://ucarecdn.com/1b73ebf8-b2d6-40cc-abd6-945d4df883c9/-/resize/400x/mountain.jpg"
    />
    <image-element__ImageElement
      className=""
    />
  </aspect-ratio-placeholder__AspectRatioPlaceholder>
</figure-element__FigureElement>
`;
